------------------------------------------------------------
TimeQuest Timing Analyzer Summary
------------------------------------------------------------

Type  : Slow 1100mV 85C Model Setup 'clk'
Slack : -0.966
TNS   : -18.025

Type  : Slow 1100mV 85C Model Hold 'clk'
Slack : 0.297
TNS   : 0.000

Type  : Slow 1100mV 85C Model Minimum Pulse Width 'clk'
Slack : -0.394
TNS   : -13.443

Type  : Slow 1100mV 0C Model Setup 'clk'
Slack : -0.986
TNS   : -17.583

Type  : Slow 1100mV 0C Model Hold 'clk'
Slack : 0.275
TNS   : 0.000

Type  : Slow 1100mV 0C Model Minimum Pulse Width 'clk'
Slack : -0.394
TNS   : -14.318

Type  : Fast 1100mV 85C Model Setup 'clk'
Slack : -0.174
TNS   : -1.322

Type  : Fast 1100mV 85C Model Hold 'clk'
Slack : 0.177
TNS   : 0.000

Type  : Fast 1100mV 85C Model Minimum Pulse Width 'clk'
Slack : -0.090
TNS   : -2.252

Type  : Fast 1100mV 0C Model Setup 'clk'
Slack : -0.093
TNS   : -0.541

Type  : Fast 1100mV 0C Model Hold 'clk'
Slack : 0.167
TNS   : 0.000

Type  : Fast 1100mV 0C Model Minimum Pulse Width 'clk'
Slack : -0.089
TNS   : -2.199

------------------------------------------------------------
